// Jest Snapshot v1, https://goo.gl/fbAQLP

exports[`Testing Profile renders correctly 1`] = `
Array [
  <h1
    className="text-center my-3"
  >
    title
  </h1>,
  "intro-array",
  <h2
    className="my-3"
  >
    motivation
  </h2>,
  "motivation-array",
  <h2
    className="my-3"
  >
    use
  </h2>,
  "use-array",
  <h3>
    login-image
  </h3>,
  <img
    alt="login-image"
    className="border rounded border-secondary img-fluid"
    src="images/landing-pagelogin.webp"
  />,
  <h3>
    add-update-remove-image
  </h3>,
  <img
    alt="add-update-remove-image"
    className="border rounded border-secondary img-fluid"
    src="images/landing-pageadd-update-remove.webp"
  />,
  <h3>
    see-schedule-image
  </h3>,
  <img
    alt="see-schedule-image"
    className="border rounded border-secondary img-fluid"
    src="images/landing-pagesee-schedule.webp"
  />,
  <h3>
    internationalization-image
  </h3>,
  <img
    alt="internationalization-image"
    className="border rounded border-secondary img-fluid"
    src="images/landing-pageinternationalization.webp"
  />,
  <h2
    className="my-3"
  >
    challenges
  </h2>,
  "challenges-array",
  <ul>
    <li>
      challenges-bullet-array
    </li>
    <li>
      challenges-bullet-array
    </li>
  </ul>,
  <h2
    className="my-3"
  >
    learning
  </h2>,
  "learning-array",
  <ul>
    <li>
      learning-bullet-array
    </li>
    <li>
      learning-bullet-array
    </li>
  </ul>,
]
`;
